==========================================
NeurDB Benchmark with DriftBench
Duration: 30s
Query Limit: 50 queries
Output: /Volumes/data/DB/neurdb_dev/output/neurdb_benchmark_20251208_190428
==========================================

==========================================
PHASE 1: Benchmark WITHOUT Auto-Index
==========================================
📊 Capturing initial state (auto-index disabled)...
🔧 Disabling automatic index creation...
🔧 Setting nr_enable_auto_index_creation = off
✅ GUC parameter set to off (current: off)
   ✅ AI Engine is accessible on port 8777
   ⏸️  Auto-index creation is now DISABLED
🔄 Restarting PostgreSQL to apply system GUC changes...
Database connected, no restart needed for session-level setting
📊 Capturing state after disabling auto-index...
🚀 Running workload (no auto-index, 30s)...
🚀 Starting DriftBench workload (noauto mode, 30s)...
📋 Directly invoking DriftBench test module...
   PYTHONPATH: /Volumes/data/DB/DriftBench:
   DB Connection: neurdb@localhost:15432/imdb_ori
   Results Dir: /Volumes/data/DB/neurdb_dev/output/neurdb_benchmark_20251208_190428/driftbench_noauto
📋 DriftBench arguments: --query-num 50
2025-12-08 19:04:30,289 - INFO - 🧪 Running with 50 total query limit
2025-12-08 19:04:30,332 - INFO - ✅ Connected to NeurDB successfully
2025-12-08 19:04:30,333 - INFO - 🎯 Starting NeurDB Time-Series Execution Benchmark
2025-12-08 19:04:30,333 - INFO - 🎲 CUSTOM MODE - Limited to 50 total queries: Loading and mixing all workloads...
2025-12-08 19:04:30,396 - INFO - 📊 Loaded 50000 queries from ./output/neurdb_benchmark/workloads/imdb_popular_actor_drift.csv
2025-12-08 19:04:30,458 - INFO - 📊 Loaded 50000 queries from ./output/neurdb_benchmark/workloads/imdb_movie_cast_drift.csv
2025-12-08 19:04:30,518 - INFO - 📊 Loaded 50000 queries from ./output/neurdb_benchmark/workloads/imdb_role_search_drift.csv
2025-12-08 19:04:30,577 - INFO - 📊 Loaded 50000 queries from ./output/neurdb_benchmark/workloads/imdb_multi_criteria_drift.csv
2025-12-08 19:04:30,636 - INFO - 📊 Loaded 50000 queries from ./output/neurdb_benchmark/workloads/imdb_award_season_drift.csv
2025-12-08 19:04:30,649 - INFO - 🔢 Mixed workload capped to 50 total queries
2025-12-08 19:04:30,649 - INFO - 📊 Total mixed queries loaded: 50 from 5 scenarios
2025-12-08 19:04:30,649 - INFO - 🎲 Executing mixed workload with 50 queries from multiple scenarios
Executing mixed workload:   0%|          | 0/5 batchesExecuting mixed workload:  20%|██        | 1/5 batchesExecuting mixed workload:  40%|████      | 2/5 batchesExecuting mixed workload:  60%|██████    | 3/5 batchesExecuting mixed workload:  80%|████████  | 4/5 batchesExecuting mixed workload: 100%|██████████| 5/5 batchesExecuting mixed workload: 100%|██████████| 5/5 batches
2025-12-08 19:05:44,669 - INFO - ✅ Completed mixed workload: 50/50 queries successful
2025-12-08 19:05:44,694 - INFO - 💾 Results saved to ./output/neurdb_benchmark/evaluation/time_series_execution_results.json
2025-12-08 19:05:45,199 - INFO - 📊 Performance plots saved to ./output/neurdb_benchmark/evaluation/plots
2025-12-08 19:05:45,199 - INFO - 🔌 Disconnected from database

============================================================
NEURDB TIME-SERIES EXECUTION COMPLETED
============================================================

📈 Mixed Execution:
   Queries: 50/50 successful
   Avg Time: 1.4711s
   P95 Time: 4.0256s
   Adaptation Points: 0

💾 Results saved to: ./output/neurdb_benchmark/evaluation/
============================================================
✅ DriftBench workload completed successfully
📊 Capturing final state (no auto-index)...

✅ Phase 1 completed successfully!
   Results saved to: /Volumes/data/DB/neurdb_dev/output/neurdb_benchmark_20251208_190428/

⏱️ Waiting 10 seconds between tests...

==========================================
PHASE 2: Benchmark WITH Auto-Index
==========================================
📊 Capturing initial state (auto-index enabled)...
🔧 Enabling automatic index creation...
🔧 Setting nr_enable_auto_index_creation = on
✅ GUC parameter set to on (current: off)
   ✅ AI Engine is accessible on port 8777
   🤖 Auto-index creation is now ENABLED
🔄 Restarting PostgreSQL to apply system GUC changes...
Database connected, no restart needed for session-level setting
📊 Capturing state after enabling auto-index...
🚀 Running workload (with auto-index, 30s)...
🚀 Starting DriftBench workload (auto mode, 30s)...
📋 Directly invoking DriftBench test module...
   PYTHONPATH: /Volumes/data/DB/DriftBench:/Volumes/data/DB/DriftBench:
   DB Connection: neurdb@localhost:15432/imdb_ori
   Results Dir: /Volumes/data/DB/neurdb_dev/output/neurdb_benchmark_20251208_190428/driftbench_auto
📋 DriftBench arguments: --query-num 50
2025-12-08 19:05:56,827 - INFO - 🧪 Running with 50 total query limit
2025-12-08 19:05:56,866 - INFO - ✅ Connected to NeurDB successfully
2025-12-08 19:05:56,866 - INFO - 🎯 Starting NeurDB Time-Series Execution Benchmark
2025-12-08 19:05:56,866 - INFO - 🎲 CUSTOM MODE - Limited to 50 total queries: Loading and mixing all workloads...
2025-12-08 19:05:56,933 - INFO - 📊 Loaded 50000 queries from ./output/neurdb_benchmark/workloads/imdb_popular_actor_drift.csv
2025-12-08 19:05:56,995 - INFO - 📊 Loaded 50000 queries from ./output/neurdb_benchmark/workloads/imdb_movie_cast_drift.csv
2025-12-08 19:05:57,058 - INFO - 📊 Loaded 50000 queries from ./output/neurdb_benchmark/workloads/imdb_role_search_drift.csv
2025-12-08 19:05:57,120 - INFO - 📊 Loaded 50000 queries from ./output/neurdb_benchmark/workloads/imdb_multi_criteria_drift.csv
2025-12-08 19:05:57,184 - INFO - 📊 Loaded 50000 queries from ./output/neurdb_benchmark/workloads/imdb_award_season_drift.csv
2025-12-08 19:05:57,200 - INFO - 🔢 Mixed workload capped to 50 total queries
2025-12-08 19:05:57,200 - INFO - 📊 Total mixed queries loaded: 50 from 5 scenarios
2025-12-08 19:05:57,201 - INFO - 🎲 Executing mixed workload with 50 queries from multiple scenarios
Executing mixed workload:   0%|          | 0/5 batchesExecuting mixed workload:  20%|██        | 1/5 batchesExecuting mixed workload:  40%|████      | 2/5 batchesExecuting mixed workload:  60%|██████    | 3/5 batchesExecuting mixed workload:  80%|████████  | 4/5 batchesExecuting mixed workload: 100%|██████████| 5/5 batchesExecuting mixed workload: 100%|██████████| 5/5 batches
2025-12-08 19:07:11,236 - INFO - ✅ Completed mixed workload: 50/50 queries successful
2025-12-08 19:07:11,265 - INFO - 💾 Results saved to ./output/neurdb_benchmark/evaluation/time_series_execution_results.json
2025-12-08 19:07:11,746 - INFO - 📊 Performance plots saved to ./output/neurdb_benchmark/evaluation/plots
2025-12-08 19:07:11,746 - INFO - 🔌 Disconnected from database

============================================================
NEURDB TIME-SERIES EXECUTION COMPLETED
============================================================

📈 Mixed Execution:
   Queries: 50/50 successful
   Avg Time: 1.4712s
   P95 Time: 4.0255s
   Adaptation Points: 0

💾 Results saved to: ./output/neurdb_benchmark/evaluation/
============================================================
✅ DriftBench workload completed successfully
📊 Capturing final state (with auto-index)...

✅ Phase 2 completed successfully!
   Results saved to: /Volumes/data/DB/neurdb_dev/output/neurdb_benchmark_20251208_190428/

==========================================
GENERATING COMPARISON REPORT
==========================================
📊 INDEX COMPARISON:
   No Auto:   48 indexes, 3908.6875000000000000 MB
   With Auto: 48 indexes, 3908.6875000000000000 MB
   Difference:  new indexes, +0 MB (0%)
   ⚠️  No new indexes created (workload may already be optimized)

✅ BENCHMARK COMPLETE!
==========================================
Summary saved to: /Volumes/data/DB/neurdb_dev/output/neurdb_benchmark_20251208_190428/benchmark_summary.txt
Comparison results shown above

🧹 No temporary files to clean up (using direct DriftBench invocation)

💡 To analyze detailed results:
   - Check index_stats_*.json files for detailed index data
   - Review driftbench_*.log files for query execution details
   - Use the comparison script if you have both test results

