2025-12-08 19:05:56,827 - INFO - 🧪 Running with 50 total query limit
2025-12-08 19:05:56,866 - INFO - ✅ Connected to NeurDB successfully
2025-12-08 19:05:56,866 - INFO - 🎯 Starting NeurDB Time-Series Execution Benchmark
2025-12-08 19:05:56,866 - INFO - 🎲 CUSTOM MODE - Limited to 50 total queries: Loading and mixing all workloads...
2025-12-08 19:05:56,933 - INFO - 📊 Loaded 50000 queries from ./output/neurdb_benchmark/workloads/imdb_popular_actor_drift.csv
2025-12-08 19:05:56,995 - INFO - 📊 Loaded 50000 queries from ./output/neurdb_benchmark/workloads/imdb_movie_cast_drift.csv
2025-12-08 19:05:57,058 - INFO - 📊 Loaded 50000 queries from ./output/neurdb_benchmark/workloads/imdb_role_search_drift.csv
2025-12-08 19:05:57,120 - INFO - 📊 Loaded 50000 queries from ./output/neurdb_benchmark/workloads/imdb_multi_criteria_drift.csv
2025-12-08 19:05:57,184 - INFO - 📊 Loaded 50000 queries from ./output/neurdb_benchmark/workloads/imdb_award_season_drift.csv
2025-12-08 19:05:57,200 - INFO - 🔢 Mixed workload capped to 50 total queries
2025-12-08 19:05:57,200 - INFO - 📊 Total mixed queries loaded: 50 from 5 scenarios
2025-12-08 19:05:57,201 - INFO - 🎲 Executing mixed workload with 50 queries from multiple scenarios
Executing mixed workload:   0%|          | 0/5 batchesExecuting mixed workload:  20%|██        | 1/5 batchesExecuting mixed workload:  40%|████      | 2/5 batchesExecuting mixed workload:  60%|██████    | 3/5 batchesExecuting mixed workload:  80%|████████  | 4/5 batchesExecuting mixed workload: 100%|██████████| 5/5 batchesExecuting mixed workload: 100%|██████████| 5/5 batches
2025-12-08 19:07:11,236 - INFO - ✅ Completed mixed workload: 50/50 queries successful
2025-12-08 19:07:11,265 - INFO - 💾 Results saved to ./output/neurdb_benchmark/evaluation/time_series_execution_results.json
2025-12-08 19:07:11,746 - INFO - 📊 Performance plots saved to ./output/neurdb_benchmark/evaluation/plots
2025-12-08 19:07:11,746 - INFO - 🔌 Disconnected from database

============================================================
NEURDB TIME-SERIES EXECUTION COMPLETED
============================================================

📈 Mixed Execution:
   Queries: 50/50 successful
   Avg Time: 1.4712s
   P95 Time: 4.0255s
   Adaptation Points: 0

💾 Results saved to: ./output/neurdb_benchmark/evaluation/
============================================================
