2025-12-08 19:04:30,289 - INFO - 🧪 Running with 50 total query limit
2025-12-08 19:04:30,332 - INFO - ✅ Connected to NeurDB successfully
2025-12-08 19:04:30,333 - INFO - 🎯 Starting NeurDB Time-Series Execution Benchmark
2025-12-08 19:04:30,333 - INFO - 🎲 CUSTOM MODE - Limited to 50 total queries: Loading and mixing all workloads...
2025-12-08 19:04:30,396 - INFO - 📊 Loaded 50000 queries from ./output/neurdb_benchmark/workloads/imdb_popular_actor_drift.csv
2025-12-08 19:04:30,458 - INFO - 📊 Loaded 50000 queries from ./output/neurdb_benchmark/workloads/imdb_movie_cast_drift.csv
2025-12-08 19:04:30,518 - INFO - 📊 Loaded 50000 queries from ./output/neurdb_benchmark/workloads/imdb_role_search_drift.csv
2025-12-08 19:04:30,577 - INFO - 📊 Loaded 50000 queries from ./output/neurdb_benchmark/workloads/imdb_multi_criteria_drift.csv
2025-12-08 19:04:30,636 - INFO - 📊 Loaded 50000 queries from ./output/neurdb_benchmark/workloads/imdb_award_season_drift.csv
2025-12-08 19:04:30,649 - INFO - 🔢 Mixed workload capped to 50 total queries
2025-12-08 19:04:30,649 - INFO - 📊 Total mixed queries loaded: 50 from 5 scenarios
2025-12-08 19:04:30,649 - INFO - 🎲 Executing mixed workload with 50 queries from multiple scenarios
Executing mixed workload:   0%|          | 0/5 batchesExecuting mixed workload:  20%|██        | 1/5 batchesExecuting mixed workload:  40%|████      | 2/5 batchesExecuting mixed workload:  60%|██████    | 3/5 batchesExecuting mixed workload:  80%|████████  | 4/5 batchesExecuting mixed workload: 100%|██████████| 5/5 batchesExecuting mixed workload: 100%|██████████| 5/5 batches
2025-12-08 19:05:44,669 - INFO - ✅ Completed mixed workload: 50/50 queries successful
2025-12-08 19:05:44,694 - INFO - 💾 Results saved to ./output/neurdb_benchmark/evaluation/time_series_execution_results.json
2025-12-08 19:05:45,199 - INFO - 📊 Performance plots saved to ./output/neurdb_benchmark/evaluation/plots
2025-12-08 19:05:45,199 - INFO - 🔌 Disconnected from database

============================================================
NEURDB TIME-SERIES EXECUTION COMPLETED
============================================================

📈 Mixed Execution:
   Queries: 50/50 successful
   Avg Time: 1.4711s
   P95 Time: 4.0256s
   Adaptation Points: 0

💾 Results saved to: ./output/neurdb_benchmark/evaluation/
============================================================
