==========================================
NeurDB Benchmark with DriftBench
Duration: 30s
Output: /Volumes/data/DB/neurdb_dev/output/neurdb_benchmark_20251208_184811
==========================================

==========================================
PHASE 1: Benchmark WITHOUT Auto-Index
==========================================
📊 Capturing initial state (auto-index disabled)...
🔧 Disabling automatic index creation...
🔧 Setting nr_enable_auto_index_creation = 0
ALTER SYSTEM
SET
✅ GUC parameter set to 0 (current: 0)
🔄 Restarting PostgreSQL to apply system GUC changes...
Database connected, no restart needed for session-level setting
📊 Capturing state after disabling auto-index...
🚀 Running workload (no auto-index, 30s)...
🚀 Starting DriftBench workload (noauto mode, 30s)...
❌ DriftBench test script not found at /test/test_neurdb_time_series_execution.py
   Please ensure DriftBench is properly installed at 
