==========================================
NeurDB Benchmark with DriftBench
Duration: 300s
Query Limit: 1 queries
Output: /Volumes/data/DB/neurdb_dev/output/neurdb_benchmark_20251208_191700
==========================================

==========================================
PHASE 1: Benchmark WITHOUT Auto-Index
==========================================
📊 Capturing initial state (auto-index disabled)...
🔧 Disabling automatic index creation...
🔧 Setting nr_enable_auto_index_creation = off
✅ GUC parameter set to off (current: off)
   ✅ AI Engine is accessible on port 8777
   ⏸️  Auto-index creation is now DISABLED
🔄 Restarting PostgreSQL to apply system GUC changes...
Database connected, no restart needed for session-level setting
📊 Capturing state after disabling auto-index...
🚀 Running workload (no auto-index, 300s)...
🚀 Starting DriftBench workload (noauto mode, 300s)...
📋 Directly invoking DriftBench test module...
   PYTHONPATH: /Volumes/data/DB/DriftBench:
   DB Connection: neurdb@localhost:15432/imdb_ori
   Results Dir: /Volumes/data/DB/neurdb_dev/output/neurdb_benchmark_20251208_191700/driftbench_noauto
📋 DriftBench arguments: --query-num 1
2025-12-08 19:17:01,925 - INFO - 🧪 Running with 1 total query limit
2025-12-08 19:17:01,966 - INFO - ✅ Connected to NeurDB successfully
2025-12-08 19:17:01,966 - INFO - 🎯 Starting NeurDB Time-Series Execution Benchmark
2025-12-08 19:17:01,966 - INFO - 🎲 CUSTOM MODE - Limited to 1 total queries: Loading and mixing all workloads...
2025-12-08 19:17:02,038 - INFO - 📊 Loaded 50000 queries from ./output/neurdb_benchmark/workloads/imdb_popular_actor_drift.csv
2025-12-08 19:17:02,101 - INFO - 📊 Loaded 50000 queries from ./output/neurdb_benchmark/workloads/imdb_movie_cast_drift.csv
2025-12-08 19:17:02,163 - INFO - 📊 Loaded 50000 queries from ./output/neurdb_benchmark/workloads/imdb_role_search_drift.csv
2025-12-08 19:17:02,223 - INFO - 📊 Loaded 50000 queries from ./output/neurdb_benchmark/workloads/imdb_multi_criteria_drift.csv
2025-12-08 19:17:02,290 - INFO - 📊 Loaded 50000 queries from ./output/neurdb_benchmark/workloads/imdb_award_season_drift.csv
2025-12-08 19:17:02,309 - INFO - 🔢 Mixed workload capped to 1 total queries
2025-12-08 19:17:02,309 - INFO - 📊 Total mixed queries loaded: 1 from 5 scenarios
2025-12-08 19:17:02,310 - INFO - 🎲 Executing mixed workload with 1 queries from multiple scenarios
Executing mixed workload:   0%|          | 0/1 batchesExecuting mixed workload: 100%|██████████| 1/1 batchesExecuting mixed workload: 100%|██████████| 1/1 batches
2025-12-08 19:17:25,067 - INFO - ✅ Completed mixed workload: 1/1 queries successful
2025-12-08 19:17:25,098 - INFO - 💾 Results saved to ./output/neurdb_benchmark/evaluation/time_series_execution_results.json
2025-12-08 19:17:25,571 - INFO - 📊 Performance plots saved to ./output/neurdb_benchmark/evaluation/plots
2025-12-08 19:17:25,571 - INFO - 🔌 Disconnected from database

============================================================
NEURDB TIME-SERIES EXECUTION COMPLETED
============================================================

📈 Mixed Execution:
   Queries: 1/1 successful
   Avg Time: 22.7295s
   P95 Time: 22.7295s
   Adaptation Points: 0

💾 Results saved to: ./output/neurdb_benchmark/evaluation/
============================================================
✅ DriftBench workload completed successfully
📊 Capturing final state (no auto-index)...

✅ Phase 1 completed successfully!
   Results saved to: /Volumes/data/DB/neurdb_dev/output/neurdb_benchmark_20251208_191700/

⏱️ Waiting 10 seconds between tests...

==========================================
PHASE 2: Benchmark WITH Auto-Index
==========================================
📊 Capturing initial state (auto-index enabled)...
🔧 Enabling automatic index creation...
🔧 Setting nr_enable_auto_index_creation = on
✅ GUC parameter set to on (current: off)
   ✅ AI Engine is accessible on port 8777
   🤖 Auto-index creation is now ENABLED
🔄 Restarting PostgreSQL to apply system GUC changes...
Database connected, no restart needed for session-level setting
📊 Capturing state after enabling auto-index...
🚀 Running workload (with auto-index, 300s)...
🚀 Starting DriftBench workload (auto mode, 300s)...
📋 Directly invoking DriftBench test module...
   PYTHONPATH: /Volumes/data/DB/DriftBench:/Volumes/data/DB/DriftBench:
   DB Connection: neurdb@localhost:15432/imdb_ori
   Results Dir: /Volumes/data/DB/neurdb_dev/output/neurdb_benchmark_20251208_191700/driftbench_auto
📋 DriftBench arguments: --query-num 1
2025-12-08 19:17:37,157 - INFO - 🧪 Running with 1 total query limit
2025-12-08 19:17:37,192 - INFO - ✅ Connected to NeurDB successfully
2025-12-08 19:17:37,192 - INFO - 🎯 Starting NeurDB Time-Series Execution Benchmark
2025-12-08 19:17:37,192 - INFO - 🎲 CUSTOM MODE - Limited to 1 total queries: Loading and mixing all workloads...
2025-12-08 19:17:37,260 - INFO - 📊 Loaded 50000 queries from ./output/neurdb_benchmark/workloads/imdb_popular_actor_drift.csv
2025-12-08 19:17:37,322 - INFO - 📊 Loaded 50000 queries from ./output/neurdb_benchmark/workloads/imdb_movie_cast_drift.csv
2025-12-08 19:17:37,384 - INFO - 📊 Loaded 50000 queries from ./output/neurdb_benchmark/workloads/imdb_role_search_drift.csv
2025-12-08 19:17:37,445 - INFO - 📊 Loaded 50000 queries from ./output/neurdb_benchmark/workloads/imdb_multi_criteria_drift.csv
2025-12-08 19:17:37,506 - INFO - 📊 Loaded 50000 queries from ./output/neurdb_benchmark/workloads/imdb_award_season_drift.csv
2025-12-08 19:17:37,519 - INFO - 🔢 Mixed workload capped to 1 total queries
2025-12-08 19:17:37,519 - INFO - 📊 Total mixed queries loaded: 1 from 5 scenarios
2025-12-08 19:17:37,520 - INFO - 🎲 Executing mixed workload with 1 queries from multiple scenarios
Executing mixed workload:   0%|          | 0/1 batchesExecuting mixed workload: 100%|██████████| 1/1 batchesExecuting mixed workload: 100%|██████████| 1/1 batches
2025-12-08 19:18:00,330 - INFO - ✅ Completed mixed workload: 1/1 queries successful
2025-12-08 19:18:00,359 - INFO - 💾 Results saved to ./output/neurdb_benchmark/evaluation/time_series_execution_results.json
2025-12-08 19:18:00,790 - INFO - 📊 Performance plots saved to ./output/neurdb_benchmark/evaluation/plots
2025-12-08 19:18:00,790 - INFO - 🔌 Disconnected from database

============================================================
NEURDB TIME-SERIES EXECUTION COMPLETED
============================================================

📈 Mixed Execution:
   Queries: 1/1 successful
   Avg Time: 22.7848s
   P95 Time: 22.7848s
   Adaptation Points: 0

💾 Results saved to: ./output/neurdb_benchmark/evaluation/
============================================================
✅ DriftBench workload completed successfully
📊 Capturing final state (with auto-index)...

✅ Phase 2 completed successfully!
   Results saved to: /Volumes/data/DB/neurdb_dev/output/neurdb_benchmark_20251208_191700/

==========================================
GENERATING COMPARISON REPORT
==========================================
📊 INDEX COMPARISON:
   No Auto:   48 indexes, 3908.6875000000000000 MB
   With Auto: 48 indexes, 3908.6875000000000000 MB
   Difference:  new indexes, +0 MB (0%)
   ⚠️  No new indexes created (workload may already be optimized)

✅ BENCHMARK COMPLETE!
==========================================
Summary saved to: /Volumes/data/DB/neurdb_dev/output/neurdb_benchmark_20251208_191700/benchmark_summary.txt
Comparison results shown above

🧹 No temporary files to clean up (using direct DriftBench invocation)

💡 To analyze detailed results:
   - Check index_stats_*.json files for detailed index data
   - Review driftbench_*.log files for query execution details
   - Use the comparison script if you have both test results

