2025-12-08 19:17:01,925 - INFO - 🧪 Running with 1 total query limit
2025-12-08 19:17:01,966 - INFO - ✅ Connected to NeurDB successfully
2025-12-08 19:17:01,966 - INFO - 🎯 Starting NeurDB Time-Series Execution Benchmark
2025-12-08 19:17:01,966 - INFO - 🎲 CUSTOM MODE - Limited to 1 total queries: Loading and mixing all workloads...
2025-12-08 19:17:02,038 - INFO - 📊 Loaded 50000 queries from ./output/neurdb_benchmark/workloads/imdb_popular_actor_drift.csv
2025-12-08 19:17:02,101 - INFO - 📊 Loaded 50000 queries from ./output/neurdb_benchmark/workloads/imdb_movie_cast_drift.csv
2025-12-08 19:17:02,163 - INFO - 📊 Loaded 50000 queries from ./output/neurdb_benchmark/workloads/imdb_role_search_drift.csv
2025-12-08 19:17:02,223 - INFO - 📊 Loaded 50000 queries from ./output/neurdb_benchmark/workloads/imdb_multi_criteria_drift.csv
2025-12-08 19:17:02,290 - INFO - 📊 Loaded 50000 queries from ./output/neurdb_benchmark/workloads/imdb_award_season_drift.csv
2025-12-08 19:17:02,309 - INFO - 🔢 Mixed workload capped to 1 total queries
2025-12-08 19:17:02,309 - INFO - 📊 Total mixed queries loaded: 1 from 5 scenarios
2025-12-08 19:17:02,310 - INFO - 🎲 Executing mixed workload with 1 queries from multiple scenarios
Executing mixed workload:   0%|          | 0/1 batchesExecuting mixed workload: 100%|██████████| 1/1 batchesExecuting mixed workload: 100%|██████████| 1/1 batches
2025-12-08 19:17:25,067 - INFO - ✅ Completed mixed workload: 1/1 queries successful
2025-12-08 19:17:25,098 - INFO - 💾 Results saved to ./output/neurdb_benchmark/evaluation/time_series_execution_results.json
2025-12-08 19:17:25,571 - INFO - 📊 Performance plots saved to ./output/neurdb_benchmark/evaluation/plots
2025-12-08 19:17:25,571 - INFO - 🔌 Disconnected from database

============================================================
NEURDB TIME-SERIES EXECUTION COMPLETED
============================================================

📈 Mixed Execution:
   Queries: 1/1 successful
   Avg Time: 22.7295s
   P95 Time: 22.7295s
   Adaptation Points: 0

💾 Results saved to: ./output/neurdb_benchmark/evaluation/
============================================================
