2025-12-08 19:35:12,505 - INFO - 🧪 Running with 100 total query limit
2025-12-08 19:35:12,551 - INFO - ✅ Connected to NeurDB successfully
2025-12-08 19:35:12,551 - INFO - 🎯 Starting NeurDB Time-Series Execution Benchmark
2025-12-08 19:35:12,551 - INFO - 🎲 CUSTOM MODE - Limited to 100 total queries: Loading and mixing all workloads...
2025-12-08 19:35:12,617 - INFO - 📊 Loaded 50000 queries from ./output/neurdb_benchmark/workloads/imdb_popular_actor_drift.csv
2025-12-08 19:35:12,679 - INFO - 📊 Loaded 50000 queries from ./output/neurdb_benchmark/workloads/imdb_movie_cast_drift.csv
2025-12-08 19:35:12,740 - INFO - 📊 Loaded 50000 queries from ./output/neurdb_benchmark/workloads/imdb_role_search_drift.csv
2025-12-08 19:35:12,801 - INFO - 📊 Loaded 50000 queries from ./output/neurdb_benchmark/workloads/imdb_multi_criteria_drift.csv
2025-12-08 19:35:12,862 - INFO - 📊 Loaded 50000 queries from ./output/neurdb_benchmark/workloads/imdb_award_season_drift.csv
2025-12-08 19:35:12,878 - INFO - 🔢 Mixed workload capped to 100 total queries
2025-12-08 19:35:12,878 - INFO - 📊 Total mixed queries loaded: 100 from 5 scenarios
2025-12-08 19:35:12,878 - INFO - 🎲 Executing mixed workload with 100 queries from multiple scenarios
Executing mixed workload:   0%|          | 0/10 batchesExecuting mixed workload:  10%|█         | 1/10 batchesExecuting mixed workload:  20%|██        | 2/10 batchesExecuting mixed workload:  30%|███       | 3/10 batchesExecuting mixed workload:  40%|████      | 4/10 batchesExecuting mixed workload:  50%|█████     | 5/10 batchesExecuting mixed workload:  60%|██████    | 6/10 batchesExecuting mixed workload:  70%|███████   | 7/10 batchesExecuting mixed workload:  80%|████████  | 8/10 batchesExecuting mixed workload:  90%|█████████ | 9/10 batchesExecuting mixed workload: 100%|██████████| 10/10 batchesExecuting mixed workload: 100%|██████████| 10/10 batches
2025-12-08 19:38:01,743 - INFO - ✅ Completed mixed workload: 100/100 queries successful
2025-12-08 19:38:01,774 - INFO - 💾 Results saved to ./output/neurdb_benchmark/evaluation/time_series_execution_results.json
2025-12-08 19:38:02,207 - INFO - 📊 Performance plots saved to ./output/neurdb_benchmark/evaluation/plots
2025-12-08 19:38:02,208 - INFO - 🔌 Disconnected from database

============================================================
NEURDB TIME-SERIES EXECUTION COMPLETED
============================================================

📈 Mixed Execution:
   Queries: 100/100 successful
   Avg Time: 1.6784s
   P95 Time: 4.4782s
   Adaptation Points: 0

💾 Results saved to: ./output/neurdb_benchmark/evaluation/
============================================================
